******************************************************************************
                  TI ARM Linker PC v15.12.3                    
******************************************************************************
>> Linked Thu Dec 17 23:01:27 2020

OUTPUT FILE NAME:   <Blinky.out>
ENTRY POINT SYMBOL: "_c_int00"  address: 000004ed


MEMORY CONFIGURATION

         name            origin    length      used     unused   attr    fill
----------------------  --------  ---------  --------  --------  ----  --------
  FLASH                 00000000   00040000  00000632  0003f9ce  R  X
  SRAM                  20000000   00010000  00000218  0000fde8  RW X


SEGMENT ALLOCATION MAP

run origin  load origin   length   init length attrs members
----------  ----------- ---------- ----------- ----- -------
00000000    00000000    00000638   00000638    r-x
  00000000    00000000    000000f0   000000f0    r-- .intvecs
  000000f0    000000f0    000004da   000004da    r-x .text
  000005cc    000005cc    00000040   00000040    r-- .const
  00000610    00000610    00000028   00000028    r-- .cinit
20000000    20000000    00000218   00000000    rw-
  20000000    20000000    00000200   00000000    rw- .stack
  20000200    20000200    00000018   00000000    rw- .data


SECTION ALLOCATION MAP

 output                                  attributes/
section   page    origin      length       input sections
--------  ----  ----------  ----------   ----------------
.intvecs   0    00000000    000000f0     
                  00000000    000000f0     lm3s6965_startup_ccs.obj (.intvecs)

.text      0    000000f0    000004da     
                  000000f0    000000c8     driverlib-cm3.lib : gpio.obj (.text:GPIOPadConfigSet)
                  000001b8    0000009c     rtsv7M3_T_le_eabi.lib : memcpy_t2.obj (.text)
                  00000254    0000007a                           : memset_t2.obj (.text)
                  000002ce    00000002                           : mpu_init.obj (.text)
                  000002d0    00000070                           : autoinit.obj (.text)
                  00000340    0000006a                           : copy_decompress_rle.obj (.text)
                  000003aa    00000002                           : startup.obj (.text)
                  000003ac    00000058     driverlib-cm3.lib : sysctl.obj (.text:SysCtlPeripheralEnable)
                  00000404    00000054     rtsv7M3_T_le_eabi.lib : exit.obj (.text)
                  00000458    0000004c                           : cpy_tbl.obj (.text)
                  000004a4    00000048     main.obj (.text)
                  000004ec    00000040     rtsv7M3_T_le_eabi.lib : boot.obj (.text)
                  0000052c    0000002e     driverlib-cm3.lib : gpio.obj (.text:GPIODirModeSet)
                  0000055a    00000002     --HOLE-- [fill = 0]
                  0000055c    00000018     rtsv7M3_T_le_eabi.lib : args_main.obj (.text)
                  00000574    00000014                           : _lock.obj (.text)
                  00000588    00000012     driverlib-cm3.lib : gpio.obj (.text:GPIOPinTypeGPIOOutput)
                  0000059a    0000000e     rtsv7M3_T_le_eabi.lib : copy_decompress_none.obj (.text:decompress:none)
                  000005a8    0000000c     lm3s6965_startup_ccs.obj (.text)
                  000005b4    00000006     driverlib-cm3.lib : gpio.obj (.text:GPIOPinWrite)
                  000005ba    00000006                       : sysctl.obj (.text:SysCtlDelay)
                  000005c0    00000006     rtsv7M3_T_le_eabi.lib : copy_decompress_rle.obj (.text:decompress:rle24)
                  000005c6    00000004                           : pre_init.obj (.text)

.const     0    000005cc    00000040     
                  000005cc    00000040     driverlib-cm3.lib : sysctl.obj (.const)

.cinit     0    00000610    00000028     
                  00000610    00000016     (.cinit..data.load) [load image, compression = rle]
                  00000626    00000002     --HOLE-- [fill = 0]
                  00000628    00000008     (__TI_handler_table)
                  00000630    00000008     (__TI_cinit_table)

.init_array 
*          0    00000000    00000000     UNINITIALIZED

.stack     0    20000000    00000200     UNINITIALIZED
                  20000000    00000200     --HOLE--

.data      0    20000200    00000018     UNINITIALIZED
                  20000200    0000000c     rtsv7M3_T_le_eabi.lib : exit.obj (.data:$O1$$)
                  2000020c    00000008                           : _lock.obj (.data:$O1$$)
                  20000214    00000004                           : stkdepth_vars.obj (.data)

MODULE SUMMARY

       Module                     code   ro data   rw data
       ------                     ----   -------   -------
    .\
       lm3s6965_startup_ccs.obj   12     240       0      
       main.obj                   72     0         0      
    +--+--------------------------+------+---------+---------+
       Total:                     84     240       0      
                                                          
    D:/zzzProgramming/ccs-workspaces/ccsv6_2/lib/driverlib/ccs-cm3/Debug/driverlib-cm3.lib
       gpio.obj                   270    0         0      
       sysctl.obj                 94     64        0      
    +--+--------------------------+------+---------+---------+
       Total:                     364    64        0      
                                                          
    D:\Programs\ti\css62\ccsv6\tools\compiler\arm_15.12.3.LTS\lib\rtsv7M3_T_le_eabi.lib
       memcpy_t2.obj              156    0         0      
       memset_t2.obj              122    0         0      
       autoinit.obj               112    0         0      
       copy_decompress_rle.obj    112    0         0      
       exit.obj                   84     0         12     
       cpy_tbl.obj                76     0         0      
       boot.obj                   64     0         0      
       _lock.obj                  20     0         8      
       args_main.obj              24     0         0      
       copy_decompress_none.obj   14     0         0      
       pre_init.obj               4      0         0      
       stkdepth_vars.obj          0      0         4      
       mpu_init.obj               2      0         0      
       startup.obj                2      0         0      
    +--+--------------------------+------+---------+---------+
       Total:                     792    0         24     
                                                          
       Stack:                     0      0         512    
       Linker Generated:          0      38        0      
    +--+--------------------------+------+---------+---------+
       Grand Total:               1240   342       536    


LINKER GENERATED COPY TABLES

__TI_cinit_table @ 00000630 records: 1, size/record: 8, table size: 8
	.data: load addr=00000610, load size=00000016 bytes, run addr=20000200, run size=00000018 bytes, compression=rle


LINKER GENERATED HANDLER TABLE

__TI_handler_table @ 00000628 records: 2, size/record: 4, table size: 8
	index: 0, handler: __TI_decompress_rle24
	index: 1, handler: __TI_decompress_none


GLOBAL SYMBOLS: SORTED ALPHABETICALLY BY Name 

address   name                           
-------   ----                           
00000405  C$$EXIT                        
0000052d  GPIODirModeSet                 
000000f1  GPIOPadConfigSet               
00000589  GPIOPinTypeGPIOOutput          
000005b5  GPIOPinWrite                   
000005a9  ResetISR                       
UNDEFED   SHT$$INIT_ARRAY$$Base          
UNDEFED   SHT$$INIT_ARRAY$$Limit         
000005bb  SysCtlDelay                    
000003ad  SysCtlPeripheralEnable         
20000200  __STACK_END                    
00000200  __STACK_SIZE                   
20000200  __STACK_TOP                    
00000630  __TI_CINIT_Base                
00000638  __TI_CINIT_Limit               
00000628  __TI_Handler_Table_Base        
00000630  __TI_Handler_Table_Limit       
000002d1  __TI_auto_init                 
20000200  __TI_cleanup_ptr               
0000059b  __TI_decompress_none           
000005c1  __TI_decompress_rle24          
20000204  __TI_dtors_ptr                 
20000208  __TI_enable_exit_profile_output
ffffffff  __TI_pprof_out_hndl            
ffffffff  __TI_prof_data_size            
ffffffff  __TI_prof_data_start           
00000000  __TI_static_base__             
00000255  __aeabi_memclr                 
00000255  __aeabi_memclr4                
00000255  __aeabi_memclr8                
000001b9  __aeabi_memcpy                 
000001b9  __aeabi_memcpy4                
000001b9  __aeabi_memcpy8                
00000257  __aeabi_memset                 
00000257  __aeabi_memset4                
00000257  __aeabi_memset8                
ffffffff  __binit__                      
ffffffff  __c_args__                     
000002cf  __mpu_init                     
20000000  __stack                        
0000055d  _args_main                     
000004ed  _c_int00                       
2000020c  _lock                          
00000583  _nop                           
0000057b  _register_lock                 
00000575  _register_unlock               
000003ab  _system_post_cinit             
000005c7  _system_pre_init               
20000210  _unlock                        
00000409  abort                          
ffffffff  binit                          
00000459  copy_in                        
00000411  exit                           
00000000  g_pfnVectors                   
000004a5  main                           
20000214  main_func_sp                   
000001b9  memcpy                         
0000025d  memset                         


GLOBAL SYMBOLS: SORTED BY Symbol Address 

address   name                           
-------   ----                           
00000000  __TI_static_base__             
00000000  g_pfnVectors                   
000000f1  GPIOPadConfigSet               
000001b9  __aeabi_memcpy                 
000001b9  __aeabi_memcpy4                
000001b9  __aeabi_memcpy8                
000001b9  memcpy                         
00000200  __STACK_SIZE                   
00000255  __aeabi_memclr                 
00000255  __aeabi_memclr4                
00000255  __aeabi_memclr8                
00000257  __aeabi_memset                 
00000257  __aeabi_memset4                
00000257  __aeabi_memset8                
0000025d  memset                         
000002cf  __mpu_init                     
000002d1  __TI_auto_init                 
000003ab  _system_post_cinit             
000003ad  SysCtlPeripheralEnable         
00000405  C$$EXIT                        
00000409  abort                          
00000411  exit                           
00000459  copy_in                        
000004a5  main                           
000004ed  _c_int00                       
0000052d  GPIODirModeSet                 
0000055d  _args_main                     
00000575  _register_unlock               
0000057b  _register_lock                 
00000583  _nop                           
00000589  GPIOPinTypeGPIOOutput          
0000059b  __TI_decompress_none           
000005a9  ResetISR                       
000005b5  GPIOPinWrite                   
000005bb  SysCtlDelay                    
000005c1  __TI_decompress_rle24          
000005c7  _system_pre_init               
00000628  __TI_Handler_Table_Base        
00000630  __TI_CINIT_Base                
00000630  __TI_Handler_Table_Limit       
00000638  __TI_CINIT_Limit               
20000000  __stack                        
20000200  __STACK_END                    
20000200  __STACK_TOP                    
20000200  __TI_cleanup_ptr               
20000204  __TI_dtors_ptr                 
20000208  __TI_enable_exit_profile_output
2000020c  _lock                          
20000210  _unlock                        
20000214  main_func_sp                   
ffffffff  __TI_pprof_out_hndl            
ffffffff  __TI_prof_data_size            
ffffffff  __TI_prof_data_start           
ffffffff  __binit__                      
ffffffff  __c_args__                     
ffffffff  binit                          
UNDEFED   SHT$$INIT_ARRAY$$Base          
UNDEFED   SHT$$INIT_ARRAY$$Limit         

[58 symbols]
