******************************************************************************
                  TI ARM Linker PC v15.12.3                    
******************************************************************************
>> Linked Thu Dec 17 22:27:28 2020

OUTPUT FILE NAME:   <ethernet_test.out>
ENTRY POINT SYMBOL: "_c_int00"  address: 00000b85


MEMORY CONFIGURATION

         name            origin    length      used     unused   attr    fill
----------------------  --------  ---------  --------  --------  ----  --------
  FLASH                 00000000   00040000  00001100  0003ef00  R  X
  SRAM                  20000000   00010000  00000221  0000fddf  RW X


SEGMENT ALLOCATION MAP

run origin  load origin   length   init length attrs members
----------  ----------- ---------- ----------- ----- -------
00000000    00000000    00001104   00001104    r-x
  00000000    00000000    000000f0   000000f0    r-- .intvecs
  000000f0    000000f0    00000bc0   00000bc0    r-x .text
  00000cb0    00000cb0    00000414   00000414    r-- .const
  000010c8    000010c8    0000003c   0000003c    r-- .cinit
20000000    20000000    00000221   00000000    rw-
  20000000    20000000    00000200   00000000    rw- .stack
  20000200    20000200    00000019   00000000    rw- .data
  20000219    20000219    00000008   00000000    rw- .bss


SECTION ALLOCATION MAP

 output                                  attributes/
section   page    origin      length       input sections
--------  ----  ----------  ----------   ----------------
.intvecs   0    00000000    000000f0     
                  00000000    000000f0     lm3s6965_startup_ccs.obj (.intvecs)

.text      0    000000f0    00000bc0     
                  000000f0    0000044c     rit128x96x4.obj (.text)
                  0000053c    00000198     driverlib-cm3.lib : sysctl.obj (.text:SysCtlClockGet)
                  000006d4    000000c8                       : gpio.obj (.text:GPIOPadConfigSet)
                  0000079c    000000b8     main.obj (.text)
                  00000854    0000009c     rtsv7M3_T_le_eabi.lib : memcpy_t2.obj (.text)
                  000008f0    0000007a                           : memset_t2.obj (.text)
                  0000096a    00000002                           : mpu_init.obj (.text)
                  0000096c    00000070                           : autoinit.obj (.text)
                  000009dc    0000006a                           : copy_decompress_rle.obj (.text)
                  00000a46    00000002                           : startup.obj (.text)
                  00000a48    00000058     driverlib-cm3.lib : sysctl.obj (.text:SysCtlPeripheralEnable)
                  00000aa0    00000054     rtsv7M3_T_le_eabi.lib : exit.obj (.text)
                  00000af4    0000004c                           : cpy_tbl.obj (.text)
                  00000b40    00000044     driverlib-cm3.lib : ssi.obj (.text:SSIConfigSetExpClk)
                  00000b84    00000040     rtsv7M3_T_le_eabi.lib : boot.obj (.text)
                  00000bc4    0000002e     driverlib-cm3.lib : gpio.obj (.text:GPIODirModeSet)
                  00000bf2    00000002     --HOLE-- [fill = 0]
                  00000bf4    00000018     rtsv7M3_T_le_eabi.lib : args_main.obj (.text)
                  00000c0c    00000014                           : _lock.obj (.text)
                  00000c20    00000012     driverlib-cm3.lib : gpio.obj (.text:GPIOPinTypeGPIOOutput)
                  00000c32    00000012                       : gpio.obj (.text:GPIOPinTypeSSI)
                  00000c44    00000012                       : ssi.obj (.text:SSIDataGetNonBlocking)
                  00000c56    0000000e     rtsv7M3_T_le_eabi.lib : copy_decompress_none.obj (.text:decompress:none)
                  00000c64    0000000c     driverlib-cm3.lib : ssi.obj (.text:SSIDataGet)
                  00000c70    0000000c     lm3s6965_startup_ccs.obj (.text)
                  00000c7c    0000000a     driverlib-cm3.lib : ssi.obj (.text:SSIDataPut)
                  00000c86    0000000a                       : ssi.obj (.text:SSIDisable)
                  00000c90    0000000a                       : ssi.obj (.text:SSIEnable)
                  00000c9a    00000006                       : gpio.obj (.text:GPIOPinWrite)
                  00000ca0    00000006                       : sysctl.obj (.text:SysCtlDelay)
                  00000ca6    00000006     rtsv7M3_T_le_eabi.lib : copy_decompress_rle.obj (.text:decompress:rle24)
                  00000cac    00000004                           : pre_init.obj (.text)

.const     0    00000cb0    00000414     
                  00000cb0    000001e0     rit128x96x4.obj (.const:g_pucFont)
                  00000e90    0000012c     main.obj (.const:$P$T0$1)
                  00000fbc    0000006c     driverlib-cm3.lib : sysctl.obj (.const:g_pulXtals)
                  00001028    0000004f     rit128x96x4.obj (.const:.string:g_pucRIT128x96x4Init)
                  00001077    00000001     --HOLE-- [fill = 0]
                  00001078    00000040     driverlib-cm3.lib : sysctl.obj (.const)
                  000010b8    00000003     rit128x96x4.obj (.const:.string:pucCommand1$1)
                  000010bb    00000003     rit128x96x4.obj (.const:.string:pucCommand2$2)
                  000010be    00000002     rit128x96x4.obj (.const:.string:g_pucRIT128x96x4HorizontalInc)
                  000010c0    00000002     rit128x96x4.obj (.const:.string:g_pucRIT128x96x4VerticalInc)
                  000010c2    00000002     rit128x96x4.obj (.const:.string:pucCommand1$3)

.cinit     0    000010c8    0000003c     
                  000010c8    00000016     (.cinit..data.load) [load image, compression = rle]
                  000010de    00000002     --HOLE-- [fill = 0]
                  000010e0    00000009     (.cinit..bss.load) [load image, compression = rle]
                  000010e9    00000003     --HOLE-- [fill = 0]
                  000010ec    00000008     (__TI_handler_table)
                  000010f4    00000010     (__TI_cinit_table)

.init_array 
*          0    00000000    00000000     UNINITIALIZED

.stack     0    20000000    00000200     UNINITIALIZED
                  20000000    00000200     --HOLE--

.data      0    20000200    00000019     UNINITIALIZED
                  20000200    0000000c     rtsv7M3_T_le_eabi.lib : exit.obj (.data:$O1$$)
                  2000020c    00000008                           : _lock.obj (.data:$O1$$)
                  20000214    00000004                           : stkdepth_vars.obj (.data)
                  20000218    00000001     rit128x96x4.obj (.data)

.bss       0    20000219    00000008     UNINITIALIZED
                  20000219    00000008     rit128x96x4.obj (.bss:g_pucBuffer)

MODULE SUMMARY

       Module                     code   ro data   rw data
       ------                     ----   -------   -------
    .\
       rit128x96x4.obj            1100   571       9      
       main.obj                   184    300       0      
       lm3s6965_startup_ccs.obj   12     240       0      
    +--+--------------------------+------+---------+---------+
       Total:                     1296   1111      9      
                                                          
    D:/zzzProgramming/ccs-workspaces/Stellaris/StellarisWare/driverlib/ccs-cm3/Debug/driverlib-cm3.lib
       sysctl.obj                 502    172       0      
       gpio.obj                   288    0         0      
       ssi.obj                    128    0         0      
    +--+--------------------------+------+---------+---------+
       Total:                     918    172       0      
                                                          
    D:\Programs\ti\css62\ccsv6\tools\compiler\arm_15.12.3.LTS\lib\rtsv7M3_T_le_eabi.lib
       memcpy_t2.obj              156    0         0      
       memset_t2.obj              122    0         0      
       autoinit.obj               112    0         0      
       copy_decompress_rle.obj    112    0         0      
       exit.obj                   84     0         12     
       cpy_tbl.obj                76     0         0      
       boot.obj                   64     0         0      
       _lock.obj                  20     0         8      
       args_main.obj              24     0         0      
       copy_decompress_none.obj   14     0         0      
       pre_init.obj               4      0         0      
       stkdepth_vars.obj          0      0         4      
       mpu_init.obj               2      0         0      
       startup.obj                2      0         0      
    +--+--------------------------+------+---------+---------+
       Total:                     792    0         24     
                                                          
       Stack:                     0      0         512    
       Linker Generated:          0      55        0      
    +--+--------------------------+------+---------+---------+
       Grand Total:               3006   1338      545    


LINKER GENERATED COPY TABLES

__TI_cinit_table @ 000010f4 records: 2, size/record: 8, table size: 16
	.data: load addr=000010c8, load size=00000016 bytes, run addr=20000200, run size=00000019 bytes, compression=rle
	.bss: load addr=000010e0, load size=00000009 bytes, run addr=20000219, run size=00000008 bytes, compression=rle


LINKER GENERATED HANDLER TABLE

__TI_handler_table @ 000010ec records: 2, size/record: 4, table size: 8
	index: 0, handler: __TI_decompress_rle24
	index: 1, handler: __TI_decompress_none


GLOBAL SYMBOLS: SORTED ALPHABETICALLY BY Name 

address   name                           
-------   ----                           
00000aa1  C$$EXIT                        
00000bc5  GPIODirModeSet                 
000006d5  GPIOPadConfigSet               
00000c21  GPIOPinTypeGPIOOutput          
00000c33  GPIOPinTypeSSI                 
00000c9b  GPIOPinWrite                   
0000016d  RIT128x96x4Clear               
000003eb  RIT128x96x4Disable             
00000509  RIT128x96x4DisplayOff          
000004d5  RIT128x96x4DisplayOn           
00000389  RIT128x96x4Enable              
000002f9  RIT128x96x4ImageDraw           
00000441  RIT128x96x4Init                
000001c9  RIT128x96x4StringDraw          
00000c71  ResetISR                       
UNDEFED   SHT$$INIT_ARRAY$$Base          
UNDEFED   SHT$$INIT_ARRAY$$Limit         
00000b41  SSIConfigSetExpClk             
00000c65  SSIDataGet                     
00000c45  SSIDataGetNonBlocking          
00000c7d  SSIDataPut                     
00000c87  SSIDisable                     
00000c91  SSIEnable                      
0000053d  SysCtlClockGet                 
00000ca1  SysCtlDelay                    
00000a49  SysCtlPeripheralEnable         
20000200  __STACK_END                    
00000200  __STACK_SIZE                   
20000200  __STACK_TOP                    
000010f4  __TI_CINIT_Base                
00001104  __TI_CINIT_Limit               
000010ec  __TI_Handler_Table_Base        
000010f4  __TI_Handler_Table_Limit       
0000096d  __TI_auto_init                 
20000200  __TI_cleanup_ptr               
00000c57  __TI_decompress_none           
00000ca7  __TI_decompress_rle24          
20000204  __TI_dtors_ptr                 
20000208  __TI_enable_exit_profile_output
ffffffff  __TI_pprof_out_hndl            
ffffffff  __TI_prof_data_size            
ffffffff  __TI_prof_data_start           
00000000  __TI_static_base__             
000008f1  __aeabi_memclr                 
000008f1  __aeabi_memclr4                
000008f1  __aeabi_memclr8                
00000855  __aeabi_memcpy                 
00000855  __aeabi_memcpy4                
00000855  __aeabi_memcpy8                
000008f3  __aeabi_memset                 
000008f3  __aeabi_memset4                
000008f3  __aeabi_memset8                
ffffffff  __binit__                      
ffffffff  __c_args__                     
0000096b  __mpu_init                     
20000000  __stack                        
00000bf5  _args_main                     
00000b85  _c_int00                       
2000020c  _lock                          
00000c1b  _nop                           
00000c13  _register_lock                 
00000c0d  _register_unlock               
00000a47  _system_post_cinit             
00000cad  _system_pre_init               
20000210  _unlock                        
00000aa5  abort                          
ffffffff  binit                          
00000af5  copy_in                        
00000aad  exit                           
00000000  g_pfnVectors                   
0000079d  main                           
20000214  main_func_sp                   
00000855  memcpy                         
000008f9  memset                         


GLOBAL SYMBOLS: SORTED BY Symbol Address 

address   name                           
-------   ----                           
00000000  __TI_static_base__             
00000000  g_pfnVectors                   
0000016d  RIT128x96x4Clear               
000001c9  RIT128x96x4StringDraw          
00000200  __STACK_SIZE                   
000002f9  RIT128x96x4ImageDraw           
00000389  RIT128x96x4Enable              
000003eb  RIT128x96x4Disable             
00000441  RIT128x96x4Init                
000004d5  RIT128x96x4DisplayOn           
00000509  RIT128x96x4DisplayOff          
0000053d  SysCtlClockGet                 
000006d5  GPIOPadConfigSet               
0000079d  main                           
00000855  __aeabi_memcpy                 
00000855  __aeabi_memcpy4                
00000855  __aeabi_memcpy8                
00000855  memcpy                         
000008f1  __aeabi_memclr                 
000008f1  __aeabi_memclr4                
000008f1  __aeabi_memclr8                
000008f3  __aeabi_memset                 
000008f3  __aeabi_memset4                
000008f3  __aeabi_memset8                
000008f9  memset                         
0000096b  __mpu_init                     
0000096d  __TI_auto_init                 
00000a47  _system_post_cinit             
00000a49  SysCtlPeripheralEnable         
00000aa1  C$$EXIT                        
00000aa5  abort                          
00000aad  exit                           
00000af5  copy_in                        
00000b41  SSIConfigSetExpClk             
00000b85  _c_int00                       
00000bc5  GPIODirModeSet                 
00000bf5  _args_main                     
00000c0d  _register_unlock               
00000c13  _register_lock                 
00000c1b  _nop                           
00000c21  GPIOPinTypeGPIOOutput          
00000c33  GPIOPinTypeSSI                 
00000c45  SSIDataGetNonBlocking          
00000c57  __TI_decompress_none           
00000c65  SSIDataGet                     
00000c71  ResetISR                       
00000c7d  SSIDataPut                     
00000c87  SSIDisable                     
00000c91  SSIEnable                      
00000c9b  GPIOPinWrite                   
00000ca1  SysCtlDelay                    
00000ca7  __TI_decompress_rle24          
00000cad  _system_pre_init               
000010ec  __TI_Handler_Table_Base        
000010f4  __TI_CINIT_Base                
000010f4  __TI_Handler_Table_Limit       
00001104  __TI_CINIT_Limit               
20000000  __stack                        
20000200  __STACK_END                    
20000200  __STACK_TOP                    
20000200  __TI_cleanup_ptr               
20000204  __TI_dtors_ptr                 
20000208  __TI_enable_exit_profile_output
2000020c  _lock                          
20000210  _unlock                        
20000214  main_func_sp                   
ffffffff  __TI_pprof_out_hndl            
ffffffff  __TI_prof_data_size            
ffffffff  __TI_prof_data_start           
ffffffff  __binit__                      
ffffffff  __c_args__                     
ffffffff  binit                          
UNDEFED   SHT$$INIT_ARRAY$$Base          
UNDEFED   SHT$$INIT_ARRAY$$Limit         

[74 symbols]
