******************************************************************************
                  TI ARM Linker PC v15.12.3                    
******************************************************************************
>> Linked Thu Dec 17 23:03:55 2020

OUTPUT FILE NAME:   <OLED_test.out>
ENTRY POINT SYMBOL: "_c_int00"  address: 00000b4d


MEMORY CONFIGURATION

         name            origin    length      used     unused   attr    fill
----------------------  --------  ---------  --------  --------  ----  --------
  FLASH                 00000000   00040000  000010c8  0003ef38  R  X
  SRAM                  20000000   00010000  00000221  0000fddf  RW X


SEGMENT ALLOCATION MAP

run origin  load origin   length   init length attrs members
----------  ----------- ---------- ----------- ----- -------
00000000    00000000    000010cc   000010cc    r-x
  00000000    00000000    000000f0   000000f0    r-- .intvecs
  000000f0    000000f0    00000b88   00000b88    r-x .text
  00000c78    00000c78    00000414   00000414    r-- .const
  00001090    00001090    0000003c   0000003c    r-- .cinit
20000000    20000000    00000221   00000000    rw-
  20000000    20000000    00000200   00000000    rw- .stack
  20000200    20000200    00000019   00000000    rw- .data
  20000219    20000219    00000008   00000000    rw- .bss


SECTION ALLOCATION MAP

 output                                  attributes/
section   page    origin      length       input sections
--------  ----  ----------  ----------   ----------------
.intvecs   0    00000000    000000f0     
                  00000000    000000f0     lm3s6965_startup_ccs.obj (.intvecs)

.text      0    000000f0    00000b88     
                  000000f0    0000044c     rit128x96x4.obj (.text)
                  0000053c    00000198     driverlib-cm3.lib : sysctl.obj (.text:SysCtlClockGet)
                  000006d4    000000c8                       : gpio.obj (.text:GPIOPadConfigSet)
                  0000079c    0000009c     rtsv7M3_T_le_eabi.lib : memcpy_t2.obj (.text)
                  00000838    00000080     main.obj (.text)
                  000008b8    0000007a     rtsv7M3_T_le_eabi.lib : memset_t2.obj (.text)
                  00000932    00000002                           : mpu_init.obj (.text)
                  00000934    00000070                           : autoinit.obj (.text)
                  000009a4    0000006a                           : copy_decompress_rle.obj (.text)
                  00000a0e    00000002                           : startup.obj (.text)
                  00000a10    00000058     driverlib-cm3.lib : sysctl.obj (.text:SysCtlPeripheralEnable)
                  00000a68    00000054     rtsv7M3_T_le_eabi.lib : exit.obj (.text)
                  00000abc    0000004c                           : cpy_tbl.obj (.text)
                  00000b08    00000044     driverlib-cm3.lib : ssi.obj (.text:SSIConfigSetExpClk)
                  00000b4c    00000040     rtsv7M3_T_le_eabi.lib : boot.obj (.text)
                  00000b8c    0000002e     driverlib-cm3.lib : gpio.obj (.text:GPIODirModeSet)
                  00000bba    00000002     --HOLE-- [fill = 0]
                  00000bbc    00000018     rtsv7M3_T_le_eabi.lib : args_main.obj (.text)
                  00000bd4    00000014                           : _lock.obj (.text)
                  00000be8    00000012     driverlib-cm3.lib : gpio.obj (.text:GPIOPinTypeGPIOOutput)
                  00000bfa    00000012                       : gpio.obj (.text:GPIOPinTypeSSI)
                  00000c0c    00000012                       : ssi.obj (.text:SSIDataGetNonBlocking)
                  00000c1e    0000000e     rtsv7M3_T_le_eabi.lib : copy_decompress_none.obj (.text:decompress:none)
                  00000c2c    0000000c     driverlib-cm3.lib : ssi.obj (.text:SSIDataGet)
                  00000c38    0000000c     lm3s6965_startup_ccs.obj (.text)
                  00000c44    0000000a     driverlib-cm3.lib : ssi.obj (.text:SSIDataPut)
                  00000c4e    0000000a                       : ssi.obj (.text:SSIDisable)
                  00000c58    0000000a                       : ssi.obj (.text:SSIEnable)
                  00000c62    00000006                       : gpio.obj (.text:GPIOPinWrite)
                  00000c68    00000006                       : sysctl.obj (.text:SysCtlDelay)
                  00000c6e    00000006     rtsv7M3_T_le_eabi.lib : copy_decompress_rle.obj (.text:decompress:rle24)
                  00000c74    00000004                           : pre_init.obj (.text)

.const     0    00000c78    00000414     
                  00000c78    000001e0     rit128x96x4.obj (.const:g_pucFont)
                  00000e58    0000012c     main.obj (.const:$P$T0$1)
                  00000f84    0000006c     driverlib-cm3.lib : sysctl.obj (.const:g_pulXtals)
                  00000ff0    0000004f     rit128x96x4.obj (.const:.string:g_pucRIT128x96x4Init)
                  0000103f    00000001     --HOLE-- [fill = 0]
                  00001040    00000040     driverlib-cm3.lib : sysctl.obj (.const)
                  00001080    00000003     rit128x96x4.obj (.const:.string:pucCommand1$1)
                  00001083    00000003     rit128x96x4.obj (.const:.string:pucCommand2$2)
                  00001086    00000002     rit128x96x4.obj (.const:.string:g_pucRIT128x96x4HorizontalInc)
                  00001088    00000002     rit128x96x4.obj (.const:.string:g_pucRIT128x96x4VerticalInc)
                  0000108a    00000002     rit128x96x4.obj (.const:.string:pucCommand1$3)

.cinit     0    00001090    0000003c     
                  00001090    00000016     (.cinit..data.load) [load image, compression = rle]
                  000010a6    00000002     --HOLE-- [fill = 0]
                  000010a8    00000009     (.cinit..bss.load) [load image, compression = rle]
                  000010b1    00000003     --HOLE-- [fill = 0]
                  000010b4    00000008     (__TI_handler_table)
                  000010bc    00000010     (__TI_cinit_table)

.init_array 
*          0    00000000    00000000     UNINITIALIZED

.stack     0    20000000    00000200     UNINITIALIZED
                  20000000    00000200     --HOLE--

.data      0    20000200    00000019     UNINITIALIZED
                  20000200    0000000c     rtsv7M3_T_le_eabi.lib : exit.obj (.data:$O1$$)
                  2000020c    00000008                           : _lock.obj (.data:$O1$$)
                  20000214    00000004                           : stkdepth_vars.obj (.data)
                  20000218    00000001     rit128x96x4.obj (.data)

.bss       0    20000219    00000008     UNINITIALIZED
                  20000219    00000008     rit128x96x4.obj (.bss:g_pucBuffer)

MODULE SUMMARY

       Module                     code   ro data   rw data
       ------                     ----   -------   -------
    .\
       rit128x96x4.obj            1100   571       9      
       main.obj                   128    300       0      
       lm3s6965_startup_ccs.obj   12     240       0      
    +--+--------------------------+------+---------+---------+
       Total:                     1240   1111      9      
                                                          
    D:/zzzProgramming/ccs-workspaces/ccsv6_2/lib/driverlib/ccs-cm3/Debug/driverlib-cm3.lib
       sysctl.obj                 502    172       0      
       gpio.obj                   288    0         0      
       ssi.obj                    128    0         0      
    +--+--------------------------+------+---------+---------+
       Total:                     918    172       0      
                                                          
    D:\Programs\ti\css62\ccsv6\tools\compiler\arm_15.12.3.LTS\lib\rtsv7M3_T_le_eabi.lib
       memcpy_t2.obj              156    0         0      
       memset_t2.obj              122    0         0      
       autoinit.obj               112    0         0      
       copy_decompress_rle.obj    112    0         0      
       exit.obj                   84     0         12     
       cpy_tbl.obj                76     0         0      
       boot.obj                   64     0         0      
       _lock.obj                  20     0         8      
       args_main.obj              24     0         0      
       copy_decompress_none.obj   14     0         0      
       pre_init.obj               4      0         0      
       stkdepth_vars.obj          0      0         4      
       mpu_init.obj               2      0         0      
       startup.obj                2      0         0      
    +--+--------------------------+------+---------+---------+
       Total:                     792    0         24     
                                                          
       Stack:                     0      0         512    
       Linker Generated:          0      55        0      
    +--+--------------------------+------+---------+---------+
       Grand Total:               2950   1338      545    


LINKER GENERATED COPY TABLES

__TI_cinit_table @ 000010bc records: 2, size/record: 8, table size: 16
	.data: load addr=00001090, load size=00000016 bytes, run addr=20000200, run size=00000019 bytes, compression=rle
	.bss: load addr=000010a8, load size=00000009 bytes, run addr=20000219, run size=00000008 bytes, compression=rle


LINKER GENERATED HANDLER TABLE

__TI_handler_table @ 000010b4 records: 2, size/record: 4, table size: 8
	index: 0, handler: __TI_decompress_rle24
	index: 1, handler: __TI_decompress_none


GLOBAL SYMBOLS: SORTED ALPHABETICALLY BY Name 

address   name                           
-------   ----                           
00000a69  C$$EXIT                        
00000b8d  GPIODirModeSet                 
000006d5  GPIOPadConfigSet               
00000be9  GPIOPinTypeGPIOOutput          
00000bfb  GPIOPinTypeSSI                 
00000c63  GPIOPinWrite                   
0000016d  RIT128x96x4Clear               
000003eb  RIT128x96x4Disable             
00000509  RIT128x96x4DisplayOff          
000004d5  RIT128x96x4DisplayOn           
00000389  RIT128x96x4Enable              
000002f9  RIT128x96x4ImageDraw           
00000441  RIT128x96x4Init                
000001c9  RIT128x96x4StringDraw          
00000c39  ResetISR                       
UNDEFED   SHT$$INIT_ARRAY$$Base          
UNDEFED   SHT$$INIT_ARRAY$$Limit         
00000b09  SSIConfigSetExpClk             
00000c2d  SSIDataGet                     
00000c0d  SSIDataGetNonBlocking          
00000c45  SSIDataPut                     
00000c4f  SSIDisable                     
00000c59  SSIEnable                      
0000053d  SysCtlClockGet                 
00000c69  SysCtlDelay                    
00000a11  SysCtlPeripheralEnable         
20000200  __STACK_END                    
00000200  __STACK_SIZE                   
20000200  __STACK_TOP                    
000010bc  __TI_CINIT_Base                
000010cc  __TI_CINIT_Limit               
000010b4  __TI_Handler_Table_Base        
000010bc  __TI_Handler_Table_Limit       
00000935  __TI_auto_init                 
20000200  __TI_cleanup_ptr               
00000c1f  __TI_decompress_none           
00000c6f  __TI_decompress_rle24          
20000204  __TI_dtors_ptr                 
20000208  __TI_enable_exit_profile_output
ffffffff  __TI_pprof_out_hndl            
ffffffff  __TI_prof_data_size            
ffffffff  __TI_prof_data_start           
00000000  __TI_static_base__             
000008b9  __aeabi_memclr                 
000008b9  __aeabi_memclr4                
000008b9  __aeabi_memclr8                
0000079d  __aeabi_memcpy                 
0000079d  __aeabi_memcpy4                
0000079d  __aeabi_memcpy8                
000008bb  __aeabi_memset                 
000008bb  __aeabi_memset4                
000008bb  __aeabi_memset8                
ffffffff  __binit__                      
ffffffff  __c_args__                     
00000933  __mpu_init                     
20000000  __stack                        
00000bbd  _args_main                     
00000b4d  _c_int00                       
2000020c  _lock                          
00000be3  _nop                           
00000bdb  _register_lock                 
00000bd5  _register_unlock               
00000a0f  _system_post_cinit             
00000c75  _system_pre_init               
20000210  _unlock                        
00000a6d  abort                          
ffffffff  binit                          
00000abd  copy_in                        
00000a75  exit                           
00000000  g_pfnVectors                   
00000839  main                           
20000214  main_func_sp                   
0000079d  memcpy                         
000008c1  memset                         


GLOBAL SYMBOLS: SORTED BY Symbol Address 

address   name                           
-------   ----                           
00000000  __TI_static_base__             
00000000  g_pfnVectors                   
0000016d  RIT128x96x4Clear               
000001c9  RIT128x96x4StringDraw          
00000200  __STACK_SIZE                   
000002f9  RIT128x96x4ImageDraw           
00000389  RIT128x96x4Enable              
000003eb  RIT128x96x4Disable             
00000441  RIT128x96x4Init                
000004d5  RIT128x96x4DisplayOn           
00000509  RIT128x96x4DisplayOff          
0000053d  SysCtlClockGet                 
000006d5  GPIOPadConfigSet               
0000079d  __aeabi_memcpy                 
0000079d  __aeabi_memcpy4                
0000079d  __aeabi_memcpy8                
0000079d  memcpy                         
00000839  main                           
000008b9  __aeabi_memclr                 
000008b9  __aeabi_memclr4                
000008b9  __aeabi_memclr8                
000008bb  __aeabi_memset                 
000008bb  __aeabi_memset4                
000008bb  __aeabi_memset8                
000008c1  memset                         
00000933  __mpu_init                     
00000935  __TI_auto_init                 
00000a0f  _system_post_cinit             
00000a11  SysCtlPeripheralEnable         
00000a69  C$$EXIT                        
00000a6d  abort                          
00000a75  exit                           
00000abd  copy_in                        
00000b09  SSIConfigSetExpClk             
00000b4d  _c_int00                       
00000b8d  GPIODirModeSet                 
00000bbd  _args_main                     
00000bd5  _register_unlock               
00000bdb  _register_lock                 
00000be3  _nop                           
00000be9  GPIOPinTypeGPIOOutput          
00000bfb  GPIOPinTypeSSI                 
00000c0d  SSIDataGetNonBlocking          
00000c1f  __TI_decompress_none           
00000c2d  SSIDataGet                     
00000c39  ResetISR                       
00000c45  SSIDataPut                     
00000c4f  SSIDisable                     
00000c59  SSIEnable                      
00000c63  GPIOPinWrite                   
00000c69  SysCtlDelay                    
00000c6f  __TI_decompress_rle24          
00000c75  _system_pre_init               
000010b4  __TI_Handler_Table_Base        
000010bc  __TI_CINIT_Base                
000010bc  __TI_Handler_Table_Limit       
000010cc  __TI_CINIT_Limit               
20000000  __stack                        
20000200  __STACK_END                    
20000200  __STACK_TOP                    
20000200  __TI_cleanup_ptr               
20000204  __TI_dtors_ptr                 
20000208  __TI_enable_exit_profile_output
2000020c  _lock                          
20000210  _unlock                        
20000214  main_func_sp                   
ffffffff  __TI_pprof_out_hndl            
ffffffff  __TI_prof_data_size            
ffffffff  __TI_prof_data_start           
ffffffff  __binit__                      
ffffffff  __c_args__                     
ffffffff  binit                          
UNDEFED   SHT$$INIT_ARRAY$$Base          
UNDEFED   SHT$$INIT_ARRAY$$Limit         

[74 symbols]
