******************************************************************************
                  TI ARM Linker PC v15.12.3                    
******************************************************************************
>> Linked Sat Dec 19 15:40:33 2020

OUTPUT FILE NAME:   <OLED_test.out>
ENTRY POINT SYMBOL: "_c_int00"  address: 00000c11


MEMORY CONFIGURATION

         name            origin    length      used     unused   attr    fill
----------------------  --------  ---------  --------  --------  ----  --------
  FLASH                 00000000   00040000  00001188  0003ee78  R  X
  SRAM                  20000000   00010000  00000224  0000fddc  RW X


SEGMENT ALLOCATION MAP

run origin  load origin   length   init length attrs members
----------  ----------- ---------- ----------- ----- -------
00000000    00000000    0000118c   0000118c    r-x
  00000000    00000000    000000f0   000000f0    r-- .intvecs
  000000f0    000000f0    00000c48   00000c48    r-x .text
  00000d38    00000d38    00000414   00000414    r-- .const
  00001150    00001150    0000003c   0000003c    r-- .cinit
20000000    20000000    00000224   00000000    rw-
  20000000    20000000    00000200   00000000    rw- .stack
  20000200    20000200    00000018   00000000    rw- .data
  20000218    20000218    0000000c   00000000    rw- .bss


SECTION ALLOCATION MAP

 output                                  attributes/
section   page    origin      length       input sections
--------  ----  ----------  ----------   ----------------
.intvecs   0    00000000    000000f0     
                  00000000    000000f0     lm3s6965_startup_ccs.obj (.intvecs)

.text      0    000000f0    00000c48     
                  000000f0    00000510     rit128x96x4.obj (.text)
                  00000600    00000198     driverlib-cm3.lib : sysctl.obj (.text:SysCtlClockGet)
                  00000798    000000c8                       : gpio.obj (.text:GPIOPadConfigSet)
                  00000860    0000009c     rtsv7M3_T_le_eabi.lib : memcpy_t2.obj (.text)
                  000008fc    00000080     main.obj (.text)
                  0000097c    0000007a     rtsv7M3_T_le_eabi.lib : memset_t2.obj (.text)
                  000009f6    00000002                           : mpu_init.obj (.text)
                  000009f8    00000070                           : autoinit.obj (.text)
                  00000a68    0000006a                           : copy_decompress_rle.obj (.text)
                  00000ad2    00000002                           : startup.obj (.text)
                  00000ad4    00000058     driverlib-cm3.lib : sysctl.obj (.text:SysCtlPeripheralEnable)
                  00000b2c    00000054     rtsv7M3_T_le_eabi.lib : exit.obj (.text)
                  00000b80    0000004c                           : cpy_tbl.obj (.text)
                  00000bcc    00000044     driverlib-cm3.lib : ssi.obj (.text:SSIConfigSetExpClk)
                  00000c10    00000040     rtsv7M3_T_le_eabi.lib : boot.obj (.text)
                  00000c50    0000002e     driverlib-cm3.lib : gpio.obj (.text:GPIODirModeSet)
                  00000c7e    00000002     --HOLE-- [fill = 0]
                  00000c80    00000018     rtsv7M3_T_le_eabi.lib : args_main.obj (.text)
                  00000c98    00000014                           : _lock.obj (.text)
                  00000cac    00000012     driverlib-cm3.lib : gpio.obj (.text:GPIOPinTypeGPIOOutput)
                  00000cbe    00000012                       : gpio.obj (.text:GPIOPinTypeSSI)
                  00000cd0    00000012                       : ssi.obj (.text:SSIDataGetNonBlocking)
                  00000ce2    0000000e     rtsv7M3_T_le_eabi.lib : copy_decompress_none.obj (.text:decompress:none)
                  00000cf0    0000000c     lm3s6965_startup_ccs.obj (.text)
                  00000cfc    0000000a     driverlib-cm3.lib : ssi.obj (.text:SSIDataPut)
                  00000d06    0000000a                       : ssi.obj (.text:SSIDisable)
                  00000d10    0000000a                       : ssi.obj (.text:SSIEnable)
                  00000d1a    00000008                       : ssi.obj (.text:SSIBusy)
                  00000d22    00000006                       : gpio.obj (.text:GPIOPinWrite)
                  00000d28    00000006                       : sysctl.obj (.text:SysCtlDelay)
                  00000d2e    00000006     rtsv7M3_T_le_eabi.lib : copy_decompress_rle.obj (.text:decompress:rle24)
                  00000d34    00000004                           : pre_init.obj (.text)

.const     0    00000d38    00000414     
                  00000d38    000001e0     rit128x96x4.obj (.const:g_pucFont)
                  00000f18    0000012c     main.obj (.const:$P$T0$1)
                  00001044    0000006c     driverlib-cm3.lib : sysctl.obj (.const:g_pulXtals)
                  000010b0    0000004f     rit128x96x4.obj (.const:.string:g_pucRIT128x96x4Init)
                  000010ff    00000001     --HOLE-- [fill = 0]
                  00001100    00000040     driverlib-cm3.lib : sysctl.obj (.const)
                  00001140    00000003     rit128x96x4.obj (.const:.string:pucCommand1$1)
                  00001143    00000003     rit128x96x4.obj (.const:.string:pucCommand2$2)
                  00001146    00000002     rit128x96x4.obj (.const:.string:g_pucRIT128x96x4HorizontalInc)
                  00001148    00000002     rit128x96x4.obj (.const:.string:g_pucRIT128x96x4VerticalInc)
                  0000114a    00000002     rit128x96x4.obj (.const:.string:pucCommand1$3)

.cinit     0    00001150    0000003c     
                  00001150    00000016     (.cinit..data.load) [load image, compression = rle]
                  00001166    00000002     --HOLE-- [fill = 0]
                  00001168    00000009     (.cinit..bss.load) [load image, compression = rle]
                  00001171    00000003     --HOLE-- [fill = 0]
                  00001174    00000008     (__TI_handler_table)
                  0000117c    00000010     (__TI_cinit_table)

.init_array 
*          0    00000000    00000000     UNINITIALIZED

.stack     0    20000000    00000200     UNINITIALIZED
                  20000000    00000200     --HOLE--

.data      0    20000200    00000018     UNINITIALIZED
                  20000200    0000000c     rtsv7M3_T_le_eabi.lib : exit.obj (.data:$O1$$)
                  2000020c    00000008                           : _lock.obj (.data:$O1$$)
                  20000214    00000004                           : stkdepth_vars.obj (.data)

.bss       0    20000218    0000000c     UNINITIALIZED
                  20000218    00000008     rit128x96x4.obj (.bss:g_pucBuffer)
                  20000220    00000004     rit128x96x4.obj (.bss)

MODULE SUMMARY

       Module                     code   ro data   rw data
       ------                     ----   -------   -------
    .\
       rit128x96x4.obj            1296   571       12     
       main.obj                   128    300       0      
       lm3s6965_startup_ccs.obj   12     240       0      
    +--+--------------------------+------+---------+---------+
       Total:                     1436   1111      12     
                                                          
    D:/zzzProgramming/ccs-workspaces/ccsv6_2/driverlib/ccs-cm3/Debug/driverlib-cm3.lib
       sysctl.obj                 502    172       0      
       gpio.obj                   288    0         0      
       ssi.obj                    124    0         0      
    +--+--------------------------+------+---------+---------+
       Total:                     914    172       0      
                                                          
    D:\Programs\ti\css62\ccsv6\tools\compiler\arm_15.12.3.LTS\lib\rtsv7M3_T_le_eabi.lib
       memcpy_t2.obj              156    0         0      
       memset_t2.obj              122    0         0      
       autoinit.obj               112    0         0      
       copy_decompress_rle.obj    112    0         0      
       exit.obj                   84     0         12     
       cpy_tbl.obj                76     0         0      
       boot.obj                   64     0         0      
       _lock.obj                  20     0         8      
       args_main.obj              24     0         0      
       copy_decompress_none.obj   14     0         0      
       pre_init.obj               4      0         0      
       stkdepth_vars.obj          0      0         4      
       mpu_init.obj               2      0         0      
       startup.obj                2      0         0      
    +--+--------------------------+------+---------+---------+
       Total:                     792    0         24     
                                                          
       Stack:                     0      0         512    
       Linker Generated:          0      55        0      
    +--+--------------------------+------+---------+---------+
       Grand Total:               3142   1338      548    


LINKER GENERATED COPY TABLES

__TI_cinit_table @ 0000117c records: 2, size/record: 8, table size: 16
	.data: load addr=00001150, load size=00000016 bytes, run addr=20000200, run size=00000018 bytes, compression=rle
	.bss: load addr=00001168, load size=00000009 bytes, run addr=20000218, run size=0000000c bytes, compression=rle


LINKER GENERATED HANDLER TABLE

__TI_handler_table @ 00001174 records: 2, size/record: 4, table size: 8
	index: 0, handler: __TI_decompress_rle24
	index: 1, handler: __TI_decompress_none


GLOBAL SYMBOLS: SORTED ALPHABETICALLY BY Name 

address   name                           
-------   ----                           
00000b2d  C$$EXIT                        
00000c51  GPIODirModeSet                 
00000799  GPIOPadConfigSet               
00000cad  GPIOPinTypeGPIOOutput          
00000cbf  GPIOPinTypeSSI                 
00000d23  GPIOPinWrite                   
000001f9  RIT128x96x4Clear               
00000477  RIT128x96x4Disable             
000005c9  RIT128x96x4DisplayOff          
00000595  RIT128x96x4DisplayOn           
0000041d  RIT128x96x4Enable              
00000395  RIT128x96x4ImageDraw           
000004f1  RIT128x96x4Init                
00000255  RIT128x96x4StringDraw          
00000cf1  ResetISR                       
UNDEFED   SHT$$INIT_ARRAY$$Base          
UNDEFED   SHT$$INIT_ARRAY$$Limit         
00000d1b  SSIBusy                        
00000bcd  SSIConfigSetExpClk             
00000cd1  SSIDataGetNonBlocking          
00000cfd  SSIDataPut                     
00000d07  SSIDisable                     
00000d11  SSIEnable                      
00000601  SysCtlClockGet                 
00000d29  SysCtlDelay                    
00000ad5  SysCtlPeripheralEnable         
20000200  __STACK_END                    
00000200  __STACK_SIZE                   
20000200  __STACK_TOP                    
0000117c  __TI_CINIT_Base                
0000118c  __TI_CINIT_Limit               
00001174  __TI_Handler_Table_Base        
0000117c  __TI_Handler_Table_Limit       
000009f9  __TI_auto_init                 
20000200  __TI_cleanup_ptr               
00000ce3  __TI_decompress_none           
00000d2f  __TI_decompress_rle24          
20000204  __TI_dtors_ptr                 
20000208  __TI_enable_exit_profile_output
ffffffff  __TI_pprof_out_hndl            
ffffffff  __TI_prof_data_size            
ffffffff  __TI_prof_data_start           
00000000  __TI_static_base__             
0000097d  __aeabi_memclr                 
0000097d  __aeabi_memclr4                
0000097d  __aeabi_memclr8                
00000861  __aeabi_memcpy                 
00000861  __aeabi_memcpy4                
00000861  __aeabi_memcpy8                
0000097f  __aeabi_memset                 
0000097f  __aeabi_memset4                
0000097f  __aeabi_memset8                
ffffffff  __binit__                      
ffffffff  __c_args__                     
000009f7  __mpu_init                     
20000000  __stack                        
00000c81  _args_main                     
00000c11  _c_int00                       
2000020c  _lock                          
00000ca7  _nop                           
00000c9f  _register_lock                 
00000c99  _register_unlock               
00000ad3  _system_post_cinit             
00000d35  _system_pre_init               
20000210  _unlock                        
00000b31  abort                          
ffffffff  binit                          
00000b81  copy_in                        
00000b39  exit                           
00000000  g_pfnVectors                   
000008fd  main                           
20000214  main_func_sp                   
00000861  memcpy                         
00000985  memset                         


GLOBAL SYMBOLS: SORTED BY Symbol Address 

address   name                           
-------   ----                           
00000000  __TI_static_base__             
00000000  g_pfnVectors                   
000001f9  RIT128x96x4Clear               
00000200  __STACK_SIZE                   
00000255  RIT128x96x4StringDraw          
00000395  RIT128x96x4ImageDraw           
0000041d  RIT128x96x4Enable              
00000477  RIT128x96x4Disable             
000004f1  RIT128x96x4Init                
00000595  RIT128x96x4DisplayOn           
000005c9  RIT128x96x4DisplayOff          
00000601  SysCtlClockGet                 
00000799  GPIOPadConfigSet               
00000861  __aeabi_memcpy                 
00000861  __aeabi_memcpy4                
00000861  __aeabi_memcpy8                
00000861  memcpy                         
000008fd  main                           
0000097d  __aeabi_memclr                 
0000097d  __aeabi_memclr4                
0000097d  __aeabi_memclr8                
0000097f  __aeabi_memset                 
0000097f  __aeabi_memset4                
0000097f  __aeabi_memset8                
00000985  memset                         
000009f7  __mpu_init                     
000009f9  __TI_auto_init                 
00000ad3  _system_post_cinit             
00000ad5  SysCtlPeripheralEnable         
00000b2d  C$$EXIT                        
00000b31  abort                          
00000b39  exit                           
00000b81  copy_in                        
00000bcd  SSIConfigSetExpClk             
00000c11  _c_int00                       
00000c51  GPIODirModeSet                 
00000c81  _args_main                     
00000c99  _register_unlock               
00000c9f  _register_lock                 
00000ca7  _nop                           
00000cad  GPIOPinTypeGPIOOutput          
00000cbf  GPIOPinTypeSSI                 
00000cd1  SSIDataGetNonBlocking          
00000ce3  __TI_decompress_none           
00000cf1  ResetISR                       
00000cfd  SSIDataPut                     
00000d07  SSIDisable                     
00000d11  SSIEnable                      
00000d1b  SSIBusy                        
00000d23  GPIOPinWrite                   
00000d29  SysCtlDelay                    
00000d2f  __TI_decompress_rle24          
00000d35  _system_pre_init               
00001174  __TI_Handler_Table_Base        
0000117c  __TI_CINIT_Base                
0000117c  __TI_Handler_Table_Limit       
0000118c  __TI_CINIT_Limit               
20000000  __stack                        
20000200  __STACK_END                    
20000200  __STACK_TOP                    
20000200  __TI_cleanup_ptr               
20000204  __TI_dtors_ptr                 
20000208  __TI_enable_exit_profile_output
2000020c  _lock                          
20000210  _unlock                        
20000214  main_func_sp                   
ffffffff  __TI_pprof_out_hndl            
ffffffff  __TI_prof_data_size            
ffffffff  __TI_prof_data_start           
ffffffff  __binit__                      
ffffffff  __c_args__                     
ffffffff  binit                          
UNDEFED   SHT$$INIT_ARRAY$$Base          
UNDEFED   SHT$$INIT_ARRAY$$Limit         

[74 symbols]
